// Jest Snapshot v1, https://goo.gl/fbAQLP

exports[`<Sidebar /> Sidebar Snapshot 1`] = `
<div
  className="dashboard-sidebar dashboard-sidebar--close"
>
  <div
    className="dashboard-sidebar__toggle"
  >
    <span
      className="dashboard-sidebar__close"
    >
      <svg
        fill="currentColor"
        height="1em"
        stroke="currentColor"
        strokeWidth="0"
        style={
          Object {
            "color": undefined,
          }
        }
        viewBox="0 0 1024 1024"
        width="1em"
        xmlns="http://www.w3.org/2000/svg"
      >
        <path
          d="M689 165.1L308.2 493.5c-10.9 9.4-10.9 27.5 0 37L689 858.9c14.2 12.2 35 1.2 35-18.5V183.6c0-19.7-20.8-30.7-35-18.5z"
        />
      </svg>
    </span>
    <span
      className="dashboard-sidebar__open"
    >
      <svg
        fill="currentColor"
        height="1em"
        stroke="currentColor"
        strokeWidth="0"
        style={
          Object {
            "color": undefined,
          }
        }
        viewBox="0 0 1024 1024"
        width="1em"
        xmlns="http://www.w3.org/2000/svg"
      >
        <path
          d="M715.8 493.5L335 165.1c-14.2-12.2-35-1.2-35 18.5v656.8c0 19.7 20.8 30.7 35 18.5l380.8-328.4c10.9-9.4 10.9-27.6 0-37z"
        />
      </svg>
    </span>
  </div>
  <span
    className="dashboard-sidebar__logo"
  >
    <div
      className="logo"
    >
      <a
        className="logo__link"
        href="/"
      >
        <img
          alt="euka logo"
          className="logo__image"
          src="test-file-stub"
        />
      </a>
    </div>
  </span>
  <ul
    className="dashboard-sidebar__list"
  >
    <a
      className="dashboard-sidebar__link"
      href="/"
    >
      <li
        className="dashboard-sidebar__row "
      >
        <span
          className="dashboard-sidebar__icon"
        >
          <svg
            fill="currentColor"
            height="1em"
            stroke="currentColor"
            strokeWidth="0"
            style={
              Object {
                "color": undefined,
              }
            }
            viewBox="0 0 24 24"
            width="1em"
            xmlns="http://www.w3.org/2000/svg"
          >
            <path
              d="M10 20v-6h4v6h5v-8h3L12 3 2 12h3v8z"
            />
          </svg>
        </span>
        <div
          className="dashboard-sidebar__title "
        >
          Home
        </div>
      </li>
    </a>
    <a
      className="dashboard-sidebar__link"
      href="/#analytics"
    >
      <li
        className="dashboard-sidebar__row "
      >
        <span
          className="dashboard-sidebar__icon"
        >
          <svg
            fill="currentColor"
            height="1em"
            stroke="currentColor"
            strokeWidth="0"
            style={
              Object {
                "color": undefined,
              }
            }
            version="1.1"
            viewBox="0 0 16 16"
            width="1em"
            xmlns="http://www.w3.org/2000/svg"
          >
            <path
              d="M2 14h14v2h-16v-16h2zM4.5 13c-0.828 0-1.5-0.672-1.5-1.5s0.672-1.5 1.5-1.5c0.044 0 0.088 0.002 0.131 0.006l1.612-2.687c-0.154-0.235-0.243-0.517-0.243-0.819 0-0.828 0.672-1.5 1.5-1.5s1.5 0.672 1.5 1.5c0 0.302-0.090 0.583-0.243 0.819l1.612 2.687c0.043-0.004 0.087-0.006 0.131-0.006 0.033 0 0.066 0.001 0.099 0.004l2.662-4.658c-0.165-0.241-0.261-0.532-0.261-0.845 0-0.828 0.672-1.5 1.5-1.5s1.5 0.672 1.5 1.5c0 0.828-0.672 1.5-1.5 1.5-0.033 0-0.066-0.001-0.099-0.004l-2.662 4.658c0.165 0.241 0.261 0.532 0.261 0.845 0 0.828-0.672 1.5-1.5 1.5s-1.5-0.672-1.5-1.5c0-0.302 0.090-0.583 0.243-0.819l-1.612-2.687c-0.043 0.004-0.087 0.006-0.131 0.006s-0.088-0.002-0.131-0.006l-1.612 2.687c0.154 0.235 0.243 0.517 0.243 0.819 0 0.828-0.672 1.5-1.5 1.5z"
            />
          </svg>
        </span>
        <div
          className="dashboard-sidebar__title "
        >
          Analytics
        </div>
      </li>
    </a>
    <a
      className="dashboard-sidebar__link"
      href="/#mailbox"
    >
      <li
        className="dashboard-sidebar__row "
      >
        <span
          className="dashboard-sidebar__icon"
        >
          <svg
            fill="currentColor"
            height="1em"
            stroke="currentColor"
            strokeWidth="0"
            style={
              Object {
                "color": undefined,
              }
            }
            viewBox="0 0 24 24"
            width="1em"
            xmlns="http://www.w3.org/2000/svg"
          >
            <path
              d="M20 4H4c-1.1 0-1.99.9-1.99 2L2 18c0 1.1.9 2 2 2h16c1.1 0 2-.9 2-2V6c0-1.1-.9-2-2-2zm0 4l-8 5-8-5V6l8 5 8-5v2z"
            />
          </svg>
        </span>
        <div
          className="dashboard-sidebar__title "
        >
          Mailbox
        </div>
      </li>
    </a>
    <a
      className="dashboard-sidebar__link"
      href="/#family"
    >
      <li
        className="dashboard-sidebar__row "
      >
        <span
          className="dashboard-sidebar__icon"
        >
          <svg
            fill="currentColor"
            height="1em"
            stroke="currentColor"
            strokeWidth="0"
            style={
              Object {
                "color": undefined,
              }
            }
            viewBox="0 0 24 24"
            width="1em"
            xmlns="http://www.w3.org/2000/svg"
          >
            <path
              d="M16 11c1.66 0 2.99-1.34 2.99-3S17.66 5 16 5c-1.66 0-3 1.34-3 3s1.34 3 3 3zm-8 0c1.66 0 2.99-1.34 2.99-3S9.66 5 8 5C6.34 5 5 6.34 5 8s1.34 3 3 3zm0 2c-2.33 0-7 1.17-7 3.5V19h14v-2.5c0-2.33-4.67-3.5-7-3.5zm8 0c-.29 0-.62.02-.97.05 1.16.84 1.97 1.97 1.97 3.45V19h6v-2.5c0-2.33-4.67-3.5-7-3.5z"
            />
          </svg>
        </span>
        <div
          className="dashboard-sidebar__title "
        >
          Family
        </div>
      </li>
    </a>
  </ul>
</div>
`;
